// Jest Snapshot v1, https://goo.gl/fbAQLP

exports[`Test SignUp page render component <SignUp /> 1`] = `
<div>
  <h1>
    Sign Up
  </h1>
  <form>
    <button
      onClick={[Function]}
      type="button"
    >
      Sign up with GitHub
    </button>
    <h5 />
  </form>
</div>
`;
